\BOOKMARK [1][-]{toc.1}{\376\377\000C\000o\000n\000t\000e\000n\000t\000s}{}% 1
\BOOKMARK [1][-]{lof.1}{\376\377\000L\000i\000s\000t\000\040\000o\000f\000\040\000F\000i\000g\000u\000r\000e\000s}{}% 2
\BOOKMARK [1][-]{Doc-Start}{\376\377\000L\000i\000s\000t\000\040\000o\000f\000\040\000F\000i\000g\000u\000r\000e\000s}{}% 3
\BOOKMARK [1][-]{lot.1}{\376\377\000L\000i\000s\000t\000\040\000o\000f\000\040\000T\000a\000b\000l\000e\000s}{}% 4
\BOOKMARK [1][-]{Doc-Start}{\376\377\000L\000i\000s\000t\000\040\000o\000f\000\040\000T\000a\000b\000l\000e\000s}{}% 5
\BOOKMARK [1][-]{section*.1}{\376\377\000\040\000I\000n\000t\000r\000o\000d\000u\000c\000t\000i\000o\000n}{}% 6
\BOOKMARK [2][-]{subsection.1.1}{\376\377\000M\000o\000t\000i\000v\000a\000t\000i\000o\000n}{section*.1}% 7
\BOOKMARK [2][-]{subsection.1.2}{\376\377\000C\000o\000n\000t\000r\000i\000b\000u\000t\000i\000o\000n\000s}{section*.1}% 8
\BOOKMARK [2][-]{subsection.1.3}{\376\377\000T\000h\000e\000s\000i\000s\000\040\000O\000v\000e\000r\000v\000i\000e\000w}{section*.1}% 9
\BOOKMARK [1][-]{section*.2}{\376\377\000\040\000R\000e\000l\000a\000t\000e\000d\000\040\000W\000o\000r\000k}{}% 10
\BOOKMARK [2][-]{subsection.2.1}{\376\377\000F\000o\000r\000m\000a\000l\000\040\000T\000h\000e\000o\000r\000e\000m\000\040\000P\000r\000o\000v\000i\000n\000g\000\040\000a\000n\000d\000\040\000P\000r\000o\000o\000f\000\040\000A\000s\000s\000i\000s\000t\000a\000n\000t\000s}{section*.2}% 11
\BOOKMARK [2][-]{subsection.2.2}{\376\377\000N\000e\000u\000r\000a\000l\000\040\000T\000h\000e\000o\000r\000e\000m\000\040\000P\000r\000o\000v\000i\000n\000g}{section*.2}% 12
\BOOKMARK [2][-]{subsection.2.3}{\376\377\000P\000r\000o\000o\000f\000\040\000O\000p\000t\000i\000m\000i\000z\000a\000t\000i\000o\000n}{section*.2}% 13
\BOOKMARK [2][-]{subsection.2.4}{\376\377\000L\000L\000M\000\040\000A\000g\000e\000n\000t\000s\000\040\000a\000n\000d\000\040\000P\000r\000o\000m\000p\000t\000i\000n\000g}{section*.2}% 14
\BOOKMARK [2][-]{subsection.2.5}{\376\377\000R\000e\000t\000r\000i\000e\000v\000a\000l\000-\000A\000u\000g\000m\000e\000n\000t\000e\000d\000\040\000G\000e\000n\000e\000r\000a\000t\000i\000o\000n}{section*.2}% 15
\BOOKMARK [2][-]{subsection.2.6}{\376\377\000P\000r\000e\000f\000e\000r\000e\000n\000c\000e\000\040\000O\000p\000t\000i\000m\000i\000z\000a\000t\000i\000o\000n\000\040\000a\000n\000d\000\040\000R\000e\000i\000n\000f\000o\000r\000c\000e\000m\000e\000n\000t\000\040\000L\000e\000a\000r\000n\000i\000n\000g}{section*.2}% 16
\BOOKMARK [2][-]{subsection.2.7}{\376\377\000N\000e\000u\000r\000o\000s\000y\000m\000b\000o\000l\000i\000c\000\040\000M\000e\000t\000h\000o\000d\000s}{section*.2}% 17
\BOOKMARK [1][-]{section*.3}{\376\377\000\040\000P\000r\000o\000o\000f\000\040\000O\000p\000t\000i\000m\000i\000z\000a\000t\000i\000o\000n}{}% 18
\BOOKMARK [2][-]{subsection.3.1}{\376\377\000S\000e\000t\000u\000p\000\040\000a\000n\000d\000\040\000N\000o\000t\000a\000t\000i\000o\000n}{section*.3}% 19
\BOOKMARK [2][-]{subsection.3.2}{\376\377\000O\000p\000t\000i\000m\000i\000z\000a\000t\000i\000o\000n\000\040\000O\000b\000j\000e\000c\000t\000i\000v\000e}{section*.3}% 20
\BOOKMARK [2][-]{subsection.3.3}{\376\377\000D\000a\000t\000a\000s\000e\000t\000s}{section*.3}% 21
\BOOKMARK [2][-]{subsection.3.4}{\376\377\000M\000e\000t\000r\000i\000c\000s}{section*.3}% 22
\BOOKMARK [2][-]{subsection.3.5}{\376\377\000E\000v\000a\000l\000u\000a\000t\000i\000o\000n\000\040\000F\000r\000a\000m\000e\000w\000o\000r\000k}{section*.3}% 23
\BOOKMARK [1][-]{section*.13}{\376\377\000\040\000I\000m\000P\000r\000o\000v\000e\000r}{}% 24
\BOOKMARK [2][-]{subsection.4.1}{\376\377\000M\000o\000t\000i\000v\000a\000t\000i\000o\000n\000\040\000a\000n\000d\000\040\000O\000v\000e\000r\000v\000i\000e\000w}{section*.13}% 25
\BOOKMARK [2][-]{subsection.4.2}{\376\377\000C\000h\000a\000i\000n\000-\000o\000f\000-\000S\000t\000a\000t\000e\000s\000\040\000P\000r\000o\000m\000p\000t\000i\000n\000g}{section*.13}% 26
\BOOKMARK [2][-]{subsection.4.3}{\376\377\000O\000u\000t\000p\000u\000t\000\040\000F\000o\000r\000m\000a\000t\000t\000i\000n\000g}{section*.13}% 27
\